#-----------------------------------------------------------
# Vivado v2024.1 (64-bit)
# SW Build 5076996 on Wed May 22 18:36:09 MDT 2024
# IP Build 5075265 on Wed May 22 21:45:21 MDT 2024
# SharedData Build 5076995 on Wed May 22 18:29:18 MDT 2024
# Start of session at: Mon Jul  8 20:23:00 2024
# Process ID: 21711
# Current directory: /home/lvchenyang
# Command line: vivado
# Log file: /home/lvchenyang/vivado.log
# Journal file: /home/lvchenyang/vivado.jou
# Running On        :ubuntu
# Platform          :Ubuntu
# Operating System  :Ubuntu 18.04.6 LTS
# Processor Detail  :13th Gen Intel(R) Core(TM) i9-13980HX
# CPU Frequency     :2419.210 MHz
# CPU Physical cores:8
# CPU Logical cores :8
# Host memory       :33641 MB
# Swap memory       :2147 MB
# Total Virtual     :35789 MB
# Available Virtual :32605 MB
#-----------------------------------------------------------
start_gui
open_project /home/lvchenyang/workspace/SDR/usrp/myusrp/b210/libresdr_b210/libresdr_b210/libresdr_b210.xpr
update_compile_order -fileset sources_1
archive_project /home/lvchenyang/workspace/SDR/usrp/myusrp/b210/libresdr_b210/libresdr_b210.xpr.zip -force -exclude_run_results
